Archive member included to satisfy reference by file (symbol)

c:/program files (x86)/atmel/studio/7.0/toolchain/avr8/avr8-gnu-toolchain/bin/../lib/gcc/avr/5.4.0/../../../../avr/lib/avr5\libm.a(addsf3.o)
                              LCD.o (__subsf3)
c:/program files (x86)/atmel/studio/7.0/toolchain/avr8/avr8-gnu-toolchain/bin/../lib/gcc/avr/5.4.0/../../../../avr/lib/avr5\libm.a(addsf3x.o)
                              c:/program files (x86)/atmel/studio/7.0/toolchain/avr8/avr8-gnu-toolchain/bin/../lib/gcc/avr/5.4.0/../../../../avr/lib/avr5\libm.a(addsf3.o) (__addsf3x)
c:/program files (x86)/atmel/studio/7.0/toolchain/avr8/avr8-gnu-toolchain/bin/../lib/gcc/avr/5.4.0/../../../../avr/lib/avr5\libm.a(cmpsf2.o)
                              emergency_case.o (__lesf2)
c:/program files (x86)/atmel/studio/7.0/toolchain/avr8/avr8-gnu-toolchain/bin/../lib/gcc/avr/5.4.0/../../../../avr/lib/avr5\libm.a(divsf3.o)
                              Timer.o (__divsf3)
c:/program files (x86)/atmel/studio/7.0/toolchain/avr8/avr8-gnu-toolchain/bin/../lib/gcc/avr/5.4.0/../../../../avr/lib/avr5\libm.a(divsf3x.o)
                              c:/program files (x86)/atmel/studio/7.0/toolchain/avr8/avr8-gnu-toolchain/bin/../lib/gcc/avr/5.4.0/../../../../avr/lib/avr5\libm.a(divsf3.o) (__divsf3x)
c:/program files (x86)/atmel/studio/7.0/toolchain/avr8/avr8-gnu-toolchain/bin/../lib/gcc/avr/5.4.0/../../../../avr/lib/avr5\libm.a(fixunssfsi.o)
                              LCD.o (__fixunssfsi)
c:/program files (x86)/atmel/studio/7.0/toolchain/avr8/avr8-gnu-toolchain/bin/../lib/gcc/avr/5.4.0/../../../../avr/lib/avr5\libm.a(floatsisf.o)
                              LCD.o (__floatunsisf)
c:/program files (x86)/atmel/studio/7.0/toolchain/avr8/avr8-gnu-toolchain/bin/../lib/gcc/avr/5.4.0/../../../../avr/lib/avr5\libm.a(fp_cmp.o)
                              c:/program files (x86)/atmel/studio/7.0/toolchain/avr8/avr8-gnu-toolchain/bin/../lib/gcc/avr/5.4.0/../../../../avr/lib/avr5\libm.a(cmpsf2.o) (__fp_cmp)
c:/program files (x86)/atmel/studio/7.0/toolchain/avr8/avr8-gnu-toolchain/bin/../lib/gcc/avr/5.4.0/../../../../avr/lib/avr5\libm.a(fp_inf.o)
                              c:/program files (x86)/atmel/studio/7.0/toolchain/avr8/avr8-gnu-toolchain/bin/../lib/gcc/avr/5.4.0/../../../../avr/lib/avr5\libm.a(addsf3x.o) (__fp_inf)
c:/program files (x86)/atmel/studio/7.0/toolchain/avr8/avr8-gnu-toolchain/bin/../lib/gcc/avr/5.4.0/../../../../avr/lib/avr5\libm.a(fp_nan.o)
                              c:/program files (x86)/atmel/studio/7.0/toolchain/avr8/avr8-gnu-toolchain/bin/../lib/gcc/avr/5.4.0/../../../../avr/lib/avr5\libm.a(addsf3x.o) (__fp_nan)
c:/program files (x86)/atmel/studio/7.0/toolchain/avr8/avr8-gnu-toolchain/bin/../lib/gcc/avr/5.4.0/../../../../avr/lib/avr5\libm.a(fp_pscA.o)
                              c:/program files (x86)/atmel/studio/7.0/toolchain/avr8/avr8-gnu-toolchain/bin/../lib/gcc/avr/5.4.0/../../../../avr/lib/avr5\libm.a(addsf3x.o) (__fp_pscA)
c:/program files (x86)/atmel/studio/7.0/toolchain/avr8/avr8-gnu-toolchain/bin/../lib/gcc/avr/5.4.0/../../../../avr/lib/avr5\libm.a(fp_pscB.o)
                              c:/program files (x86)/atmel/studio/7.0/toolchain/avr8/avr8-gnu-toolchain/bin/../lib/gcc/avr/5.4.0/../../../../avr/lib/avr5\libm.a(addsf3x.o) (__fp_pscB)
c:/program files (x86)/atmel/studio/7.0/toolchain/avr8/avr8-gnu-toolchain/bin/../lib/gcc/avr/5.4.0/../../../../avr/lib/avr5\libm.a(fp_round.o)
                              c:/program files (x86)/atmel/studio/7.0/toolchain/avr8/avr8-gnu-toolchain/bin/../lib/gcc/avr/5.4.0/../../../../avr/lib/avr5\libm.a(addsf3.o) (__fp_round)
c:/program files (x86)/atmel/studio/7.0/toolchain/avr8/avr8-gnu-toolchain/bin/../lib/gcc/avr/5.4.0/../../../../avr/lib/avr5\libm.a(fp_split3.o)
                              c:/program files (x86)/atmel/studio/7.0/toolchain/avr8/avr8-gnu-toolchain/bin/../lib/gcc/avr/5.4.0/../../../../avr/lib/avr5\libm.a(addsf3x.o) (__fp_split3)
c:/program files (x86)/atmel/studio/7.0/toolchain/avr8/avr8-gnu-toolchain/bin/../lib/gcc/avr/5.4.0/../../../../avr/lib/avr5\libm.a(fp_zero.o)
                              c:/program files (x86)/atmel/studio/7.0/toolchain/avr8/avr8-gnu-toolchain/bin/../lib/gcc/avr/5.4.0/../../../../avr/lib/avr5\libm.a(addsf3x.o) (__fp_zero)
c:/program files (x86)/atmel/studio/7.0/toolchain/avr8/avr8-gnu-toolchain/bin/../lib/gcc/avr/5.4.0/../../../../avr/lib/avr5\libm.a(gesf2.o)
                              emergency_case.o (__gesf2)
c:/program files (x86)/atmel/studio/7.0/toolchain/avr8/avr8-gnu-toolchain/bin/../lib/gcc/avr/5.4.0/../../../../avr/lib/avr5\libm.a(mulsf3.o)
                              emergency_case.o (__mulsf3)
c:/program files (x86)/atmel/studio/7.0/toolchain/avr8/avr8-gnu-toolchain/bin/../lib/gcc/avr/5.4.0/../../../../avr/lib/avr5\libm.a(mulsf3x.o)
                              c:/program files (x86)/atmel/studio/7.0/toolchain/avr8/avr8-gnu-toolchain/bin/../lib/gcc/avr/5.4.0/../../../../avr/lib/avr5\libm.a(mulsf3.o) (__mulsf3x)
c:/program files (x86)/atmel/studio/7.0/toolchain/avr8/avr8-gnu-toolchain/bin/../lib/gcc/avr/5.4.0/avr5\libgcc.a(_divmodhi4.o)
                              LCD.o (__divmodhi4)
c:/program files (x86)/atmel/studio/7.0/toolchain/avr8/avr8-gnu-toolchain/bin/../lib/gcc/avr/5.4.0/avr5\libgcc.a(_udivmodsi4.o)
                              LCD.o (__udivmodsi4)
c:/program files (x86)/atmel/studio/7.0/toolchain/avr8/avr8-gnu-toolchain/bin/../lib/gcc/avr/5.4.0/avr5\libgcc.a(_exit.o)
                              C:/Program Files (x86)/Atmel/Studio/7.0/Packs/atmel/ATmega_DFP/1.7.374/gcc/dev/atmega32/avr5/crtatmega32.o (exit)
c:/program files (x86)/atmel/studio/7.0/toolchain/avr8/avr8-gnu-toolchain/bin/../lib/gcc/avr/5.4.0/avr5\libgcc.a(_copy_data.o)
                              emergency_case.o (__do_copy_data)
c:/program files (x86)/atmel/studio/7.0/toolchain/avr8/avr8-gnu-toolchain/bin/../lib/gcc/avr/5.4.0/avr5\libgcc.a(_clear_bss.o)
                              ADC.o (__do_clear_bss)
c:/program files (x86)/atmel/studio/7.0/toolchain/avr8/avr8-gnu-toolchain/bin/../lib/gcc/avr/5.4.0/avr5\libgcc.a(_muluhisi3.o)
                              Timer.o (__muluhisi3)
c:/program files (x86)/atmel/studio/7.0/toolchain/avr8/avr8-gnu-toolchain/bin/../lib/gcc/avr/5.4.0/avr5\libgcc.a(_udivmodhi4.o)
                              c:/program files (x86)/atmel/studio/7.0/toolchain/avr8/avr8-gnu-toolchain/bin/../lib/gcc/avr/5.4.0/avr5\libgcc.a(_divmodhi4.o) (__udivmodhi4)
c:/program files (x86)/atmel/studio/7.0/toolchain/avr8/avr8-gnu-toolchain/bin/../lib/gcc/avr/5.4.0/avr5\libgcc.a(_umulhisi3.o)
                              c:/program files (x86)/atmel/studio/7.0/toolchain/avr8/avr8-gnu-toolchain/bin/../lib/gcc/avr/5.4.0/avr5\libgcc.a(_muluhisi3.o) (__umulhisi3)

Discarded input sections

 .data          0x00000000        0x0 C:/Program Files (x86)/Atmel/Studio/7.0/Packs/atmel/ATmega_DFP/1.7.374/gcc/dev/atmega32/avr5/crtatmega32.o
 .bss           0x00000000        0x0 C:/Program Files (x86)/Atmel/Studio/7.0/Packs/atmel/ATmega_DFP/1.7.374/gcc/dev/atmega32/avr5/crtatmega32.o
 .text          0x00000000        0x0 ADC.o
 .data          0x00000000        0x0 ADC.o
 .bss           0x00000000        0x0 ADC.o
 .text.ADC_Init
                0x00000000       0x34 ADC.o
 .text.ADC_Disable
                0x00000000        0x8 ADC.o
 .text          0x00000000        0x0 Buzzer.o
 .data          0x00000000        0x0 Buzzer.o
 .bss           0x00000000        0x0 Buzzer.o
 .text.Buzzer_Init
                0x00000000       0x16 Buzzer.o
 .text          0x00000000        0x0 emergency_case.o
 .data          0x00000000        0x0 emergency_case.o
 .bss           0x00000000        0x0 emergency_case.o
 .rodata.str1.1
                0x00000000       0xaa emergency_case.o
 .text.emergency_case
                0x00000000      0x438 emergency_case.o
 .debug_info    0x00000000      0x800 emergency_case.o
 .debug_abbrev  0x00000000       0xeb emergency_case.o
 .debug_loc     0x00000000       0x82 emergency_case.o
 .debug_aranges
                0x00000000       0x20 emergency_case.o
 .debug_ranges  0x00000000       0x10 emergency_case.o
 .debug_line    0x00000000      0x40e emergency_case.o
 .debug_str     0x00000000      0x2b2 emergency_case.o
 .comment       0x00000000       0x31 emergency_case.o
 .debug_frame   0x00000000       0x44 emergency_case.o
 .text          0x00000000        0x0 DCM.o
 .data          0x00000000        0x0 DCM.o
 .bss           0x00000000        0x0 DCM.o
 .text.DCM_ON   0x00000000       0xbe DCM.o
 .text.DCM_Speed
                0x00000000       0x26 DCM.o
 .text.DCM_OFF  0x00000000       0x1c DCM.o
 .debug_info    0x00000000      0x376 DCM.o
 .debug_abbrev  0x00000000       0xce DCM.o
 .debug_loc     0x00000000      0x165 DCM.o
 .debug_aranges
                0x00000000       0x30 DCM.o
 .debug_ranges  0x00000000       0x20 DCM.o
 .debug_line    0x00000000      0x11e DCM.o
 .debug_str     0x00000000      0x217 DCM.o
 .comment       0x00000000       0x31 DCM.o
 .debug_frame   0x00000000       0x60 DCM.o
 .text          0x00000000        0x0 DC_Motor.o
 .data          0x00000000        0x0 DC_Motor.o
 .bss           0x00000000        0x0 DC_Motor.o
 .text.DC_Motor1_INIT
                0x00000000       0x2a DC_Motor.o
 .text.DC_Motor2_INIT
                0x00000000       0x2e DC_Motor.o
 .text.DC_Motor2_START
                0x00000000       0x52 DC_Motor.o
 .text.DC_Motor2_STOP
                0x00000000       0x16 DC_Motor.o
 .text          0x00000000        0x0 DIO.o
 .data          0x00000000        0x0 DIO.o
 .bss           0x00000000        0x0 DIO.o
 .text.DIO_SetPin_Pullup
                0x00000000       0x68 DIO.o
 .text          0x00000000        0x0 EEPROM.o
 .data          0x00000000        0x0 EEPROM.o
 .bss           0x00000000        0x0 EEPROM.o
 .text.EEPROM_INIT
                0x00000000        0x6 EEPROM.o
 .text.EEPROM_WriteMultiBytes
                0x00000000       0x4e EEPROM.o
 .text.EEPROM_WriteString
                0x00000000       0x46 EEPROM.o
 .text.EEPROM_ReadMultiByte
                0x00000000       0x60 EEPROM.o
 .text          0x00000000        0x0 EXR_Interrupt.o
 .data          0x00000000        0x0 EXR_Interrupt.o
 .bss           0x00000000        0x0 EXR_Interrupt.o
 .text.INT0_Init
                0x00000000       0x1e EXR_Interrupt.o
 .text.INT1_Init
                0x00000000       0x1c EXR_Interrupt.o
 .text.INT2_Init
                0x00000000       0x1c EXR_Interrupt.o
 .text          0x00000000        0x0 Functions.o
 .data          0x00000000        0x0 Functions.o
 .bss           0x00000000        0x0 Functions.o
 .text          0x00000000        0x0 I2C.o
 .data          0x00000000        0x0 I2C.o
 .bss           0x00000000        0x0 I2C.o
 .text.I2C_callback0
                0x00000000        0xa I2C.o
 .text.I2C_callback1
                0x00000000        0xa I2C.o
 .text.I2C_INIT
                0x00000000       0x10 I2C.o
 .text.I2C_SendMultiData
                0x00000000       0x2c I2C.o
 .text.I2C_SendString
                0x00000000       0x26 I2C.o
 .text.I2C_ReadMultiData
                0x00000000        0xe I2C.o
 .bss.pptr1     0x00000000        0x2 I2C.o
 .bss.pptr0     0x00000000        0x2 I2C.o
 .data.string16
                0x00000000        0xe I2C.o
 .data.string15
                0x00000000        0xa I2C.o
 .data.string14
                0x00000000        0xf I2C.o
 .data.string13
                0x00000000        0xf I2C.o
 .data.string12
                0x00000000        0xf I2C.o
 .data.string11
                0x00000000       0x10 I2C.o
 .data.string6  0x00000000        0xf I2C.o
 .data.string5  0x00000000        0xc I2C.o
 .data.string4  0x00000000       0x11 I2C.o
 .data.string3  0x00000000       0x11 I2C.o
 .data.string2  0x00000000       0x11 I2C.o
 .data.string1  0x00000000        0xd I2C.o
 .text          0x00000000        0x0 Keypad.o
 .data          0x00000000        0x0 Keypad.o
 .bss           0x00000000        0x0 Keypad.o
 .text.Keypad_Init
                0x00000000       0x86 Keypad.o
 .text          0x00000000        0x0 LCD.o
 .data          0x00000000        0x0 LCD.o
 .bss           0x00000000        0x0 LCD.o
 .text.LCD_Init
                0x00000000       0xca LCD.o
 .text.LCD_Write_Decimal
                0x00000000       0xa2 LCD.o
 .text.LCD_Write_Custom_Char
                0x00000000       0x36 LCD.o
 .text          0x00000000        0x0 LED.o
 .data          0x00000000        0x0 LED.o
 .bss           0x00000000        0x0 LED.o
 .text.LED3_Init
                0x00000000       0x16 LED.o
 .text.LED4_Init
                0x00000000       0x16 LED.o
 .text          0x00000000        0x0 main.o
 .data          0x00000000        0x0 main.o
 .bss           0x00000000        0x0 main.o
 .text          0x00000000        0x0 Relay.o
 .data          0x00000000        0x0 Relay.o
 .bss           0x00000000        0x0 Relay.o
 .text.Relay_Init
                0x00000000       0x16 Relay.o
 .text.Relay_ON
                0x00000000        0xc Relay.o
 .text.Relay_OFF
                0x00000000        0xc Relay.o
 .text.Relay_Toggle
                0x00000000        0xa Relay.o
 .debug_info    0x00000000      0x171 Relay.o
 .debug_abbrev  0x00000000       0x71 Relay.o
 .debug_aranges
                0x00000000       0x38 Relay.o
 .debug_ranges  0x00000000       0x28 Relay.o
 .debug_line    0x00000000       0x91 Relay.o
 .debug_str     0x00000000      0x1cb Relay.o
 .comment       0x00000000       0x31 Relay.o
 .debug_frame   0x00000000       0x54 Relay.o
 .text          0x00000000        0x0 servoo.o
 .data          0x00000000        0x0 servoo.o
 .bss           0x00000000        0x0 servoo.o
 .text.Servo_Init
                0x00000000       0x14 servoo.o
 .text          0x00000000        0x0 Timer.o
 .data          0x00000000        0x0 Timer.o
 .bss           0x00000000        0x0 Timer.o
 .text.Timer0_Stop
                0x00000000        0x8 Timer.o
 .text.Timer1_Init
                0x00000000       0x26 Timer.o
 .text.Timer1_SetDelay
                0x00000000       0xba Timer.o
 .text.PWM1_Gen
                0x00000000       0x3a Timer.o
 .text.Timer1_Start
                0x00000000        0xa Timer.o
 .text.Timer1_Stop
                0x00000000        0x8 Timer.o
 .text.Timer2_Init
                0x00000000       0x1a Timer.o
 .text.PWM2_Gen
                0x00000000        0x2 Timer.o
 .bss.Timer1B_Init_Value
                0x00000000        0x1 Timer.o
 .bss.Timer1B_Num_OVF
                0x00000000        0x2 Timer.o
 .bss.Timer1A_Init_Value
                0x00000000        0x1 Timer.o
 .bss.Timer1A_Num_OVF
                0x00000000        0x2 Timer.o
 .text          0x00000000        0x0 UART.o
 .data          0x00000000        0x0 UART.o
 .bss           0x00000000        0x0 UART.o
 .text.UART_Init
                0x00000000       0x3c UART.o
 .bss.First_Check
                0x00000000        0x1 UART.o
 .bss.Temp_Display
                0x00000000        0x1 UART.o
 .text          0x00000000        0x0 c:/program files (x86)/atmel/studio/7.0/toolchain/avr8/avr8-gnu-toolchain/bin/../lib/gcc/avr/5.4.0/../../../../avr/lib/avr5\libm.a(addsf3.o)
 .data          0x00000000        0x0 c:/program files (x86)/atmel/studio/7.0/toolchain/avr8/avr8-gnu-toolchain/bin/../lib/gcc/avr/5.4.0/../../../../avr/lib/avr5\libm.a(addsf3.o)
 .bss           0x00000000        0x0 c:/program files (x86)/atmel/studio/7.0/toolchain/avr8/avr8-gnu-toolchain/bin/../lib/gcc/avr/5.4.0/../../../../avr/lib/avr5\libm.a(addsf3.o)
 .text          0x00000000        0x0 c:/program files (x86)/atmel/studio/7.0/toolchain/avr8/avr8-gnu-toolchain/bin/../lib/gcc/avr/5.4.0/../../../../avr/lib/avr5\libm.a(addsf3x.o)
 .data          0x00000000        0x0 c:/program files (x86)/atmel/studio/7.0/toolchain/avr8/avr8-gnu-toolchain/bin/../lib/gcc/avr/5.4.0/../../../../avr/lib/avr5\libm.a(addsf3x.o)
 .bss           0x00000000        0x0 c:/program files (x86)/atmel/studio/7.0/toolchain/avr8/avr8-gnu-toolchain/bin/../lib/gcc/avr/5.4.0/../../../../avr/lib/avr5\libm.a(addsf3x.o)
 .text          0x00000000        0x0 c:/program files (x86)/atmel/studio/7.0/toolchain/avr8/avr8-gnu-toolchain/bin/../lib/gcc/avr/5.4.0/../../../../avr/lib/avr5\libm.a(cmpsf2.o)
 .data          0x00000000        0x0 c:/program files (x86)/atmel/studio/7.0/toolchain/avr8/avr8-gnu-toolchain/bin/../lib/gcc/avr/5.4.0/../../../../avr/lib/avr5\libm.a(cmpsf2.o)
 .bss           0x00000000        0x0 c:/program files (x86)/atmel/studio/7.0/toolchain/avr8/avr8-gnu-toolchain/bin/../lib/gcc/avr/5.4.0/../../../../avr/lib/avr5\libm.a(cmpsf2.o)
 .text          0x00000000        0x0 c:/program files (x86)/atmel/studio/7.0/toolchain/avr8/avr8-gnu-toolchain/bin/../lib/gcc/avr/5.4.0/../../../../avr/lib/avr5\libm.a(divsf3.o)
 .data          0x00000000        0x0 c:/program files (x86)/atmel/studio/7.0/toolchain/avr8/avr8-gnu-toolchain/bin/../lib/gcc/avr/5.4.0/../../../../avr/lib/avr5\libm.a(divsf3.o)
 .bss           0x00000000        0x0 c:/program files (x86)/atmel/studio/7.0/toolchain/avr8/avr8-gnu-toolchain/bin/../lib/gcc/avr/5.4.0/../../../../avr/lib/avr5\libm.a(divsf3.o)
 .text.avr-libc.fplib
                0x00000000        0x8 c:/program files (x86)/atmel/studio/7.0/toolchain/avr8/avr8-gnu-toolchain/bin/../lib/gcc/avr/5.4.0/../../../../avr/lib/avr5\libm.a(divsf3.o)
 .text          0x00000000        0x0 c:/program files (x86)/atmel/studio/7.0/toolchain/avr8/avr8-gnu-toolchain/bin/../lib/gcc/avr/5.4.0/../../../../avr/lib/avr5\libm.a(divsf3x.o)
 .data          0x00000000        0x0 c:/program files (x86)/atmel/studio/7.0/toolchain/avr8/avr8-gnu-toolchain/bin/../lib/gcc/avr/5.4.0/../../../../avr/lib/avr5\libm.a(divsf3x.o)
 .bss           0x00000000        0x0 c:/program files (x86)/atmel/studio/7.0/toolchain/avr8/avr8-gnu-toolchain/bin/../lib/gcc/avr/5.4.0/../../../../avr/lib/avr5\libm.a(divsf3x.o)
 .text.avr-libc.fplib
                0x00000000       0xdc c:/program files (x86)/atmel/studio/7.0/toolchain/avr8/avr8-gnu-toolchain/bin/../lib/gcc/avr/5.4.0/../../../../avr/lib/avr5\libm.a(divsf3x.o)
 .text          0x00000000        0x0 c:/program files (x86)/atmel/studio/7.0/toolchain/avr8/avr8-gnu-toolchain/bin/../lib/gcc/avr/5.4.0/../../../../avr/lib/avr5\libm.a(fixunssfsi.o)
 .data          0x00000000        0x0 c:/program files (x86)/atmel/studio/7.0/toolchain/avr8/avr8-gnu-toolchain/bin/../lib/gcc/avr/5.4.0/../../../../avr/lib/avr5\libm.a(fixunssfsi.o)
 .bss           0x00000000        0x0 c:/program files (x86)/atmel/studio/7.0/toolchain/avr8/avr8-gnu-toolchain/bin/../lib/gcc/avr/5.4.0/../../../../avr/lib/avr5\libm.a(fixunssfsi.o)
 .text          0x00000000        0x0 c:/program files (x86)/atmel/studio/7.0/toolchain/avr8/avr8-gnu-toolchain/bin/../lib/gcc/avr/5.4.0/../../../../avr/lib/avr5\libm.a(floatsisf.o)
 .data          0x00000000        0x0 c:/program files (x86)/atmel/studio/7.0/toolchain/avr8/avr8-gnu-toolchain/bin/../lib/gcc/avr/5.4.0/../../../../avr/lib/avr5\libm.a(floatsisf.o)
 .bss           0x00000000        0x0 c:/program files (x86)/atmel/studio/7.0/toolchain/avr8/avr8-gnu-toolchain/bin/../lib/gcc/avr/5.4.0/../../../../avr/lib/avr5\libm.a(floatsisf.o)
 .text          0x00000000        0x0 c:/program files (x86)/atmel/studio/7.0/toolchain/avr8/avr8-gnu-toolchain/bin/../lib/gcc/avr/5.4.0/../../../../avr/lib/avr5\libm.a(fp_cmp.o)
 .data          0x00000000        0x0 c:/program files (x86)/atmel/studio/7.0/toolchain/avr8/avr8-gnu-toolchain/bin/../lib/gcc/avr/5.4.0/../../../../avr/lib/avr5\libm.a(fp_cmp.o)
 .bss           0x00000000        0x0 c:/program files (x86)/atmel/studio/7.0/toolchain/avr8/avr8-gnu-toolchain/bin/../lib/gcc/avr/5.4.0/../../../../avr/lib/avr5\libm.a(fp_cmp.o)
 .text          0x00000000        0x0 c:/program files (x86)/atmel/studio/7.0/toolchain/avr8/avr8-gnu-toolchain/bin/../lib/gcc/avr/5.4.0/../../../../avr/lib/avr5\libm.a(fp_inf.o)
 .data          0x00000000        0x0 c:/program files (x86)/atmel/studio/7.0/toolchain/avr8/avr8-gnu-toolchain/bin/../lib/gcc/avr/5.4.0/../../../../avr/lib/avr5\libm.a(fp_inf.o)
 .bss           0x00000000        0x0 c:/program files (x86)/atmel/studio/7.0/toolchain/avr8/avr8-gnu-toolchain/bin/../lib/gcc/avr/5.4.0/../../../../avr/lib/avr5\libm.a(fp_inf.o)
 .text          0x00000000        0x0 c:/program files (x86)/atmel/studio/7.0/toolchain/avr8/avr8-gnu-toolchain/bin/../lib/gcc/avr/5.4.0/../../../../avr/lib/avr5\libm.a(fp_nan.o)
 .data          0x00000000        0x0 c:/program files (x86)/atmel/studio/7.0/toolchain/avr8/avr8-gnu-toolchain/bin/../lib/gcc/avr/5.4.0/../../../../avr/lib/avr5\libm.a(fp_nan.o)
 .bss           0x00000000        0x0 c:/program files (x86)/atmel/studio/7.0/toolchain/avr8/avr8-gnu-toolchain/bin/../lib/gcc/avr/5.4.0/../../../../avr/lib/avr5\libm.a(fp_nan.o)
 .text          0x00000000        0x0 c:/program files (x86)/atmel/studio/7.0/toolchain/avr8/avr8-gnu-toolchain/bin/../lib/gcc/avr/5.4.0/../../../../avr/lib/avr5\libm.a(fp_pscA.o)
 .data          0x00000000        0x0 c:/program files (x86)/atmel/studio/7.0/toolchain/avr8/avr8-gnu-toolchain/bin/../lib/gcc/avr/5.4.0/../../../../avr/lib/avr5\libm.a(fp_pscA.o)
 .bss           0x00000000        0x0 c:/program files (x86)/atmel/studio/7.0/toolchain/avr8/avr8-gnu-toolchain/bin/../lib/gcc/avr/5.4.0/../../../../avr/lib/avr5\libm.a(fp_pscA.o)
 .text          0x00000000        0x0 c:/program files (x86)/atmel/studio/7.0/toolchain/avr8/avr8-gnu-toolchain/bin/../lib/gcc/avr/5.4.0/../../../../avr/lib/avr5\libm.a(fp_pscB.o)
 .data          0x00000000        0x0 c:/program files (x86)/atmel/studio/7.0/toolchain/avr8/avr8-gnu-toolchain/bin/../lib/gcc/avr/5.4.0/../../../../avr/lib/avr5\libm.a(fp_pscB.o)
 .bss           0x00000000        0x0 c:/program files (x86)/atmel/studio/7.0/toolchain/avr8/avr8-gnu-toolchain/bin/../lib/gcc/avr/5.4.0/../../../../avr/lib/avr5\libm.a(fp_pscB.o)
 .text          0x00000000        0x0 c:/program files (x86)/atmel/studio/7.0/toolchain/avr8/avr8-gnu-toolchain/bin/../lib/gcc/avr/5.4.0/../../../../avr/lib/avr5\libm.a(fp_round.o)
 .data          0x00000000        0x0 c:/program files (x86)/atmel/studio/7.0/toolchain/avr8/avr8-gnu-toolchain/bin/../lib/gcc/avr/5.4.0/../../../../avr/lib/avr5\libm.a(fp_round.o)
 .bss           0x00000000        0x0 c:/program files (x86)/atmel/studio/7.0/toolchain/avr8/avr8-gnu-toolchain/bin/../lib/gcc/avr/5.4.0/../../../../avr/lib/avr5\libm.a(fp_round.o)
 .text          0x00000000        0x0 c:/program files (x86)/atmel/studio/7.0/toolchain/avr8/avr8-gnu-toolchain/bin/../lib/gcc/avr/5.4.0/../../../../avr/lib/avr5\libm.a(fp_split3.o)
 .data          0x00000000        0x0 c:/program files (x86)/atmel/studio/7.0/toolchain/avr8/avr8-gnu-toolchain/bin/../lib/gcc/avr/5.4.0/../../../../avr/lib/avr5\libm.a(fp_split3.o)
 .bss           0x00000000        0x0 c:/program files (x86)/atmel/studio/7.0/toolchain/avr8/avr8-gnu-toolchain/bin/../lib/gcc/avr/5.4.0/../../../../avr/lib/avr5\libm.a(fp_split3.o)
 .text          0x00000000        0x0 c:/program files (x86)/atmel/studio/7.0/toolchain/avr8/avr8-gnu-toolchain/bin/../lib/gcc/avr/5.4.0/../../../../avr/lib/avr5\libm.a(fp_zero.o)
 .data          0x00000000        0x0 c:/program files (x86)/atmel/studio/7.0/toolchain/avr8/avr8-gnu-toolchain/bin/../lib/gcc/avr/5.4.0/../../../../avr/lib/avr5\libm.a(fp_zero.o)
 .bss           0x00000000        0x0 c:/program files (x86)/atmel/studio/7.0/toolchain/avr8/avr8-gnu-toolchain/bin/../lib/gcc/avr/5.4.0/../../../../avr/lib/avr5\libm.a(fp_zero.o)
 .text          0x00000000        0x0 c:/program files (x86)/atmel/studio/7.0/toolchain/avr8/avr8-gnu-toolchain/bin/../lib/gcc/avr/5.4.0/../../../../avr/lib/avr5\libm.a(gesf2.o)
 .data          0x00000000        0x0 c:/program files (x86)/atmel/studio/7.0/toolchain/avr8/avr8-gnu-toolchain/bin/../lib/gcc/avr/5.4.0/../../../../avr/lib/avr5\libm.a(gesf2.o)
 .bss           0x00000000        0x0 c:/program files (x86)/atmel/studio/7.0/toolchain/avr8/avr8-gnu-toolchain/bin/../lib/gcc/avr/5.4.0/../../../../avr/lib/avr5\libm.a(gesf2.o)
 .text          0x00000000        0x0 c:/program files (x86)/atmel/studio/7.0/toolchain/avr8/avr8-gnu-toolchain/bin/../lib/gcc/avr/5.4.0/../../../../avr/lib/avr5\libm.a(mulsf3.o)
 .data          0x00000000        0x0 c:/program files (x86)/atmel/studio/7.0/toolchain/avr8/avr8-gnu-toolchain/bin/../lib/gcc/avr/5.4.0/../../../../avr/lib/avr5\libm.a(mulsf3.o)
 .bss           0x00000000        0x0 c:/program files (x86)/atmel/studio/7.0/toolchain/avr8/avr8-gnu-toolchain/bin/../lib/gcc/avr/5.4.0/../../../../avr/lib/avr5\libm.a(mulsf3.o)
 .text          0x00000000        0x0 c:/program files (x86)/atmel/studio/7.0/toolchain/avr8/avr8-gnu-toolchain/bin/../lib/gcc/avr/5.4.0/../../../../avr/lib/avr5\libm.a(mulsf3x.o)
 .data          0x00000000        0x0 c:/program files (x86)/atmel/studio/7.0/toolchain/avr8/avr8-gnu-toolchain/bin/../lib/gcc/avr/5.4.0/../../../../avr/lib/avr5\libm.a(mulsf3x.o)
 .bss           0x00000000        0x0 c:/program files (x86)/atmel/studio/7.0/toolchain/avr8/avr8-gnu-toolchain/bin/../lib/gcc/avr/5.4.0/../../../../avr/lib/avr5\libm.a(mulsf3x.o)
 .text          0x00000000        0x0 c:/program files (x86)/atmel/studio/7.0/toolchain/avr8/avr8-gnu-toolchain/bin/../lib/gcc/avr/5.4.0/avr5\libgcc.a(_divmodhi4.o)
 .data          0x00000000        0x0 c:/program files (x86)/atmel/studio/7.0/toolchain/avr8/avr8-gnu-toolchain/bin/../lib/gcc/avr/5.4.0/avr5\libgcc.a(_divmodhi4.o)
 .bss           0x00000000        0x0 c:/program files (x86)/atmel/studio/7.0/toolchain/avr8/avr8-gnu-toolchain/bin/../lib/gcc/avr/5.4.0/avr5\libgcc.a(_divmodhi4.o)
 .text.libgcc.mul
                0x00000000        0x0 c:/program files (x86)/atmel/studio/7.0/toolchain/avr8/avr8-gnu-toolchain/bin/../lib/gcc/avr/5.4.0/avr5\libgcc.a(_divmodhi4.o)
 .text.libgcc   0x00000000        0x0 c:/program files (x86)/atmel/studio/7.0/toolchain/avr8/avr8-gnu-toolchain/bin/../lib/gcc/avr/5.4.0/avr5\libgcc.a(_divmodhi4.o)
 .text.libgcc.prologue
                0x00000000        0x0 c:/program files (x86)/atmel/studio/7.0/toolchain/avr8/avr8-gnu-toolchain/bin/../lib/gcc/avr/5.4.0/avr5\libgcc.a(_divmodhi4.o)
 .text.libgcc.builtins
                0x00000000        0x0 c:/program files (x86)/atmel/studio/7.0/toolchain/avr8/avr8-gnu-toolchain/bin/../lib/gcc/avr/5.4.0/avr5\libgcc.a(_divmodhi4.o)
 .text.libgcc.fmul
                0x00000000        0x0 c:/program files (x86)/atmel/studio/7.0/toolchain/avr8/avr8-gnu-toolchain/bin/../lib/gcc/avr/5.4.0/avr5\libgcc.a(_divmodhi4.o)
 .text.libgcc.fixed
                0x00000000        0x0 c:/program files (x86)/atmel/studio/7.0/toolchain/avr8/avr8-gnu-toolchain/bin/../lib/gcc/avr/5.4.0/avr5\libgcc.a(_divmodhi4.o)
 .text          0x00000000        0x0 c:/program files (x86)/atmel/studio/7.0/toolchain/avr8/avr8-gnu-toolchain/bin/../lib/gcc/avr/5.4.0/avr5\libgcc.a(_udivmodsi4.o)
 .data          0x00000000        0x0 c:/program files (x86)/atmel/studio/7.0/toolchain/avr8/avr8-gnu-toolchain/bin/../lib/gcc/avr/5.4.0/avr5\libgcc.a(_udivmodsi4.o)
 .bss           0x00000000        0x0 c:/program files (x86)/atmel/studio/7.0/toolchain/avr8/avr8-gnu-toolchain/bin/../lib/gcc/avr/5.4.0/avr5\libgcc.a(_udivmodsi4.o)
 .text.libgcc.mul
                0x00000000        0x0 c:/program files (x86)/atmel/studio/7.0/toolchain/avr8/avr8-gnu-toolchain/bin/../lib/gcc/avr/5.4.0/avr5\libgcc.a(_udivmodsi4.o)
 .text.libgcc   0x00000000        0x0 c:/program files (x86)/atmel/studio/7.0/toolchain/avr8/avr8-gnu-toolchain/bin/../lib/gcc/avr/5.4.0/avr5\libgcc.a(_udivmodsi4.o)
 .text.libgcc.prologue
                0x00000000        0x0 c:/program files (x86)/atmel/studio/7.0/toolchain/avr8/avr8-gnu-toolchain/bin/../lib/gcc/avr/5.4.0/avr5\libgcc.a(_udivmodsi4.o)
 .text.libgcc.builtins
                0x00000000        0x0 c:/program files (x86)/atmel/studio/7.0/toolchain/avr8/avr8-gnu-toolchain/bin/../lib/gcc/avr/5.4.0/avr5\libgcc.a(_udivmodsi4.o)
 .text.libgcc.fmul
                0x00000000        0x0 c:/program files (x86)/atmel/studio/7.0/toolchain/avr8/avr8-gnu-toolchain/bin/../lib/gcc/avr/5.4.0/avr5\libgcc.a(_udivmodsi4.o)
 .text.libgcc.fixed
                0x00000000        0x0 c:/program files (x86)/atmel/studio/7.0/toolchain/avr8/avr8-gnu-toolchain/bin/../lib/gcc/avr/5.4.0/avr5\libgcc.a(_udivmodsi4.o)
 .text          0x00000000        0x0 c:/program files (x86)/atmel/studio/7.0/toolchain/avr8/avr8-gnu-toolchain/bin/../lib/gcc/avr/5.4.0/avr5\libgcc.a(_exit.o)
 .data          0x00000000        0x0 c:/program files (x86)/atmel/studio/7.0/toolchain/avr8/avr8-gnu-toolchain/bin/../lib/gcc/avr/5.4.0/avr5\libgcc.a(_exit.o)
 .bss           0x00000000        0x0 c:/program files (x86)/atmel/studio/7.0/toolchain/avr8/avr8-gnu-toolchain/bin/../lib/gcc/avr/5.4.0/avr5\libgcc.a(_exit.o)
 .text.libgcc.mul
                0x00000000        0x0 c:/program files (x86)/atmel/studio/7.0/toolchain/avr8/avr8-gnu-toolchain/bin/../lib/gcc/avr/5.4.0/avr5\libgcc.a(_exit.o)
 .text.libgcc.div
                0x00000000        0x0 c:/program files (x86)/atmel/studio/7.0/toolchain/avr8/avr8-gnu-toolchain/bin/../lib/gcc/avr/5.4.0/avr5\libgcc.a(_exit.o)
 .text.libgcc   0x00000000        0x0 c:/program files (x86)/atmel/studio/7.0/toolchain/avr8/avr8-gnu-toolchain/bin/../lib/gcc/avr/5.4.0/avr5\libgcc.a(_exit.o)
 .text.libgcc.prologue
                0x00000000        0x0 c:/program files (x86)/atmel/studio/7.0/toolchain/avr8/avr8-gnu-toolchain/bin/../lib/gcc/avr/5.4.0/avr5\libgcc.a(_exit.o)
 .text.libgcc.builtins
                0x00000000        0x0 c:/program files (x86)/atmel/studio/7.0/toolchain/avr8/avr8-gnu-toolchain/bin/../lib/gcc/avr/5.4.0/avr5\libgcc.a(_exit.o)
 .text.libgcc.fmul
                0x00000000        0x0 c:/program files (x86)/atmel/studio/7.0/toolchain/avr8/avr8-gnu-toolchain/bin/../lib/gcc/avr/5.4.0/avr5\libgcc.a(_exit.o)
 .text.libgcc.fixed
                0x00000000        0x0 c:/program files (x86)/atmel/studio/7.0/toolchain/avr8/avr8-gnu-toolchain/bin/../lib/gcc/avr/5.4.0/avr5\libgcc.a(_exit.o)
 .text          0x00000000        0x0 c:/program files (x86)/atmel/studio/7.0/toolchain/avr8/avr8-gnu-toolchain/bin/../lib/gcc/avr/5.4.0/avr5\libgcc.a(_copy_data.o)
 .data          0x00000000        0x0 c:/program files (x86)/atmel/studio/7.0/toolchain/avr8/avr8-gnu-toolchain/bin/../lib/gcc/avr/5.4.0/avr5\libgcc.a(_copy_data.o)
 .bss           0x00000000        0x0 c:/program files (x86)/atmel/studio/7.0/toolchain/avr8/avr8-gnu-toolchain/bin/../lib/gcc/avr/5.4.0/avr5\libgcc.a(_copy_data.o)
 .text.libgcc.mul
                0x00000000        0x0 c:/program files (x86)/atmel/studio/7.0/toolchain/avr8/avr8-gnu-toolchain/bin/../lib/gcc/avr/5.4.0/avr5\libgcc.a(_copy_data.o)
 .text.libgcc.div
                0x00000000        0x0 c:/program files (x86)/atmel/studio/7.0/toolchain/avr8/avr8-gnu-toolchain/bin/../lib/gcc/avr/5.4.0/avr5\libgcc.a(_copy_data.o)
 .text.libgcc   0x00000000        0x0 c:/program files (x86)/atmel/studio/7.0/toolchain/avr8/avr8-gnu-toolchain/bin/../lib/gcc/avr/5.4.0/avr5\libgcc.a(_copy_data.o)
 .text.libgcc.prologue
                0x00000000        0x0 c:/program files (x86)/atmel/studio/7.0/toolchain/avr8/avr8-gnu-toolchain/bin/../lib/gcc/avr/5.4.0/avr5\libgcc.a(_copy_data.o)
 .text.libgcc.builtins
                0x00000000        0x0 c:/program files (x86)/atmel/studio/7.0/toolchain/avr8/avr8-gnu-toolchain/bin/../lib/gcc/avr/5.4.0/avr5\libgcc.a(_copy_data.o)
 .text.libgcc.fmul
                0x00000000        0x0 c:/program files (x86)/atmel/studio/7.0/toolchain/avr8/avr8-gnu-toolchain/bin/../lib/gcc/avr/5.4.0/avr5\libgcc.a(_copy_data.o)
 .text.libgcc.fixed
                0x00000000        0x0 c:/program files (x86)/atmel/studio/7.0/toolchain/avr8/avr8-gnu-toolchain/bin/../lib/gcc/avr/5.4.0/avr5\libgcc.a(_copy_data.o)
 .text          0x00000000        0x0 c:/program files (x86)/atmel/studio/7.0/toolchain/avr8/avr8-gnu-toolchain/bin/../lib/gcc/avr/5.4.0/avr5\libgcc.a(_clear_bss.o)
 .data          0x00000000        0x0 c:/program files (x86)/atmel/studio/7.0/toolchain/avr8/avr8-gnu-toolchain/bin/../lib/gcc/avr/5.4.0/avr5\libgcc.a(_clear_bss.o)
 .bss           0x00000000        0x0 c:/program files (x86)/atmel/studio/7.0/toolchain/avr8/avr8-gnu-toolchain/bin/../lib/gcc/avr/5.4.0/avr5\libgcc.a(_clear_bss.o)
 .text.libgcc.mul
                0x00000000        0x0 c:/program files (x86)/atmel/studio/7.0/toolchain/avr8/avr8-gnu-toolchain/bin/../lib/gcc/avr/5.4.0/avr5\libgcc.a(_clear_bss.o)
 .text.libgcc.div
                0x00000000        0x0 c:/program files (x86)/atmel/studio/7.0/toolchain/avr8/avr8-gnu-toolchain/bin/../lib/gcc/avr/5.4.0/avr5\libgcc.a(_clear_bss.o)
 .text.libgcc   0x00000000        0x0 c:/program files (x86)/atmel/studio/7.0/toolchain/avr8/avr8-gnu-toolchain/bin/../lib/gcc/avr/5.4.0/avr5\libgcc.a(_clear_bss.o)
 .text.libgcc.prologue
                0x00000000        0x0 c:/program files (x86)/atmel/studio/7.0/toolchain/avr8/avr8-gnu-toolchain/bin/../lib/gcc/avr/5.4.0/avr5\libgcc.a(_clear_bss.o)
 .text.libgcc.builtins
                0x00000000        0x0 c:/program files (x86)/atmel/studio/7.0/toolchain/avr8/avr8-gnu-toolchain/bin/../lib/gcc/avr/5.4.0/avr5\libgcc.a(_clear_bss.o)
 .text.libgcc.fmul
                0x00000000        0x0 c:/program files (x86)/atmel/studio/7.0/toolchain/avr8/avr8-gnu-toolchain/bin/../lib/gcc/avr/5.4.0/avr5\libgcc.a(_clear_bss.o)
 .text.libgcc.fixed
                0x00000000        0x0 c:/program files (x86)/atmel/studio/7.0/toolchain/avr8/avr8-gnu-toolchain/bin/../lib/gcc/avr/5.4.0/avr5\libgcc.a(_clear_bss.o)
 .text          0x00000000        0x0 c:/program files (x86)/atmel/studio/7.0/toolchain/avr8/avr8-gnu-toolchain/bin/../lib/gcc/avr/5.4.0/avr5\libgcc.a(_muluhisi3.o)
 .data          0x00000000        0x0 c:/program files (x86)/atmel/studio/7.0/toolchain/avr8/avr8-gnu-toolchain/bin/../lib/gcc/avr/5.4.0/avr5\libgcc.a(_muluhisi3.o)
 .bss           0x00000000        0x0 c:/program files (x86)/atmel/studio/7.0/toolchain/avr8/avr8-gnu-toolchain/bin/../lib/gcc/avr/5.4.0/avr5\libgcc.a(_muluhisi3.o)
 .text.libgcc.div
                0x00000000        0x0 c:/program files (x86)/atmel/studio/7.0/toolchain/avr8/avr8-gnu-toolchain/bin/../lib/gcc/avr/5.4.0/avr5\libgcc.a(_muluhisi3.o)
 .text.libgcc   0x00000000        0x0 c:/program files (x86)/atmel/studio/7.0/toolchain/avr8/avr8-gnu-toolchain/bin/../lib/gcc/avr/5.4.0/avr5\libgcc.a(_muluhisi3.o)
 .text.libgcc.prologue
                0x00000000        0x0 c:/program files (x86)/atmel/studio/7.0/toolchain/avr8/avr8-gnu-toolchain/bin/../lib/gcc/avr/5.4.0/avr5\libgcc.a(_muluhisi3.o)
 .text.libgcc.builtins
                0x00000000        0x0 c:/program files (x86)/atmel/studio/7.0/toolchain/avr8/avr8-gnu-toolchain/bin/../lib/gcc/avr/5.4.0/avr5\libgcc.a(_muluhisi3.o)
 .text.libgcc.fmul
                0x00000000        0x0 c:/program files (x86)/atmel/studio/7.0/toolchain/avr8/avr8-gnu-toolchain/bin/../lib/gcc/avr/5.4.0/avr5\libgcc.a(_muluhisi3.o)
 .text.libgcc.fixed
                0x00000000        0x0 c:/program files (x86)/atmel/studio/7.0/toolchain/avr8/avr8-gnu-toolchain/bin/../lib/gcc/avr/5.4.0/avr5\libgcc.a(_muluhisi3.o)
 .text          0x00000000        0x0 c:/program files (x86)/atmel/studio/7.0/toolchain/avr8/avr8-gnu-toolchain/bin/../lib/gcc/avr/5.4.0/avr5\libgcc.a(_udivmodhi4.o)
 .data          0x00000000        0x0 c:/program files (x86)/atmel/studio/7.0/toolchain/avr8/avr8-gnu-toolchain/bin/../lib/gcc/avr/5.4.0/avr5\libgcc.a(_udivmodhi4.o)
 .bss           0x00000000        0x0 c:/program files (x86)/atmel/studio/7.0/toolchain/avr8/avr8-gnu-toolchain/bin/../lib/gcc/avr/5.4.0/avr5\libgcc.a(_udivmodhi4.o)
 .text.libgcc.mul
                0x00000000        0x0 c:/program files (x86)/atmel/studio/7.0/toolchain/avr8/avr8-gnu-toolchain/bin/../lib/gcc/avr/5.4.0/avr5\libgcc.a(_udivmodhi4.o)
 .text.libgcc   0x00000000        0x0 c:/program files (x86)/atmel/studio/7.0/toolchain/avr8/avr8-gnu-toolchain/bin/../lib/gcc/avr/5.4.0/avr5\libgcc.a(_udivmodhi4.o)
 .text.libgcc.prologue
                0x00000000        0x0 c:/program files (x86)/atmel/studio/7.0/toolchain/avr8/avr8-gnu-toolchain/bin/../lib/gcc/avr/5.4.0/avr5\libgcc.a(_udivmodhi4.o)
 .text.libgcc.builtins
                0x00000000        0x0 c:/program files (x86)/atmel/studio/7.0/toolchain/avr8/avr8-gnu-toolchain/bin/../lib/gcc/avr/5.4.0/avr5\libgcc.a(_udivmodhi4.o)
 .text.libgcc.fmul
                0x00000000        0x0 c:/program files (x86)/atmel/studio/7.0/toolchain/avr8/avr8-gnu-toolchain/bin/../lib/gcc/avr/5.4.0/avr5\libgcc.a(_udivmodhi4.o)
 .text.libgcc.fixed
                0x00000000        0x0 c:/program files (x86)/atmel/studio/7.0/toolchain/avr8/avr8-gnu-toolchain/bin/../lib/gcc/avr/5.4.0/avr5\libgcc.a(_udivmodhi4.o)
 .text          0x00000000        0x0 c:/program files (x86)/atmel/studio/7.0/toolchain/avr8/avr8-gnu-toolchain/bin/../lib/gcc/avr/5.4.0/avr5\libgcc.a(_umulhisi3.o)
 .data          0x00000000        0x0 c:/program files (x86)/atmel/studio/7.0/toolchain/avr8/avr8-gnu-toolchain/bin/../lib/gcc/avr/5.4.0/avr5\libgcc.a(_umulhisi3.o)
 .bss           0x00000000        0x0 c:/program files (x86)/atmel/studio/7.0/toolchain/avr8/avr8-gnu-toolchain/bin/../lib/gcc/avr/5.4.0/avr5\libgcc.a(_umulhisi3.o)
 .text.libgcc.div
                0x00000000        0x0 c:/program files (x86)/atmel/studio/7.0/toolchain/avr8/avr8-gnu-toolchain/bin/../lib/gcc/avr/5.4.0/avr5\libgcc.a(_umulhisi3.o)
 .text.libgcc   0x00000000        0x0 c:/program files (x86)/atmel/studio/7.0/toolchain/avr8/avr8-gnu-toolchain/bin/../lib/gcc/avr/5.4.0/avr5\libgcc.a(_umulhisi3.o)
 .text.libgcc.prologue
                0x00000000        0x0 c:/program files (x86)/atmel/studio/7.0/toolchain/avr8/avr8-gnu-toolchain/bin/../lib/gcc/avr/5.4.0/avr5\libgcc.a(_umulhisi3.o)
 .text.libgcc.builtins
                0x00000000        0x0 c:/program files (x86)/atmel/studio/7.0/toolchain/avr8/avr8-gnu-toolchain/bin/../lib/gcc/avr/5.4.0/avr5\libgcc.a(_umulhisi3.o)
 .text.libgcc.fmul
                0x00000000        0x0 c:/program files (x86)/atmel/studio/7.0/toolchain/avr8/avr8-gnu-toolchain/bin/../lib/gcc/avr/5.4.0/avr5\libgcc.a(_umulhisi3.o)
 .text.libgcc.fixed
                0x00000000        0x0 c:/program files (x86)/atmel/studio/7.0/toolchain/avr8/avr8-gnu-toolchain/bin/../lib/gcc/avr/5.4.0/avr5\libgcc.a(_umulhisi3.o)

Memory Configuration

Name             Origin             Length             Attributes
text             0x00000000         0x00008000         xr
data             0x00800060         0x00000800         rw !x
eeprom           0x00810000         0x00000400         rw !x
fuse             0x00820000         0x00000002         rw !x
lock             0x00830000         0x00000400         rw !x
signature        0x00840000         0x00000400         rw !x
user_signatures  0x00850000         0x00000400         rw !x
*default*        0x00000000         0xffffffff

Linker script and memory map

LOAD C:/Program Files (x86)/Atmel/Studio/7.0/Packs/atmel/ATmega_DFP/1.7.374/gcc/dev/atmega32/avr5/crtatmega32.o
LOAD ADC.o
LOAD Buzzer.o
LOAD emergency_case.o
LOAD DCM.o
LOAD DC_Motor.o
LOAD DIO.o
LOAD EEPROM.o
LOAD EXR_Interrupt.o
LOAD Functions.o
LOAD I2C.o
LOAD Keypad.o
LOAD LCD.o
LOAD LED.o
LOAD main.o
LOAD Relay.o
LOAD servoo.o
LOAD Timer.o
LOAD UART.o
START GROUP
LOAD c:/program files (x86)/atmel/studio/7.0/toolchain/avr8/avr8-gnu-toolchain/bin/../lib/gcc/avr/5.4.0/../../../../avr/lib/avr5\libm.a
END GROUP
START GROUP
LOAD c:/program files (x86)/atmel/studio/7.0/toolchain/avr8/avr8-gnu-toolchain/bin/../lib/gcc/avr/5.4.0/avr5\libgcc.a
LOAD c:/program files (x86)/atmel/studio/7.0/toolchain/avr8/avr8-gnu-toolchain/bin/../lib/gcc/avr/5.4.0/../../../../avr/lib/avr5\libm.a
LOAD c:/program files (x86)/atmel/studio/7.0/toolchain/avr8/avr8-gnu-toolchain/bin/../lib/gcc/avr/5.4.0/../../../../avr/lib/avr5\libc.a
LOAD C:/Program Files (x86)/Atmel/Studio/7.0/Packs/atmel/ATmega_DFP/1.7.374/gcc/dev/atmega32/avr5\libatmega32.a
END GROUP
                0x00000000                __TEXT_REGION_ORIGIN__ = DEFINED (__TEXT_REGION_ORIGIN__)?__TEXT_REGION_ORIGIN__:0x0
                [0x00800060]                __DATA_REGION_ORIGIN__ = DEFINED (__DATA_REGION_ORIGIN__)?__DATA_REGION_ORIGIN__:0x800060
                [0x00008000]                __TEXT_REGION_LENGTH__ = DEFINED (__TEXT_REGION_LENGTH__)?__TEXT_REGION_LENGTH__:0x20000
                [0x00000800]                __DATA_REGION_LENGTH__ = DEFINED (__DATA_REGION_LENGTH__)?__DATA_REGION_LENGTH__:0xffa0
                [0x00000400]                __EEPROM_REGION_LENGTH__ = DEFINED (__EEPROM_REGION_LENGTH__)?__EEPROM_REGION_LENGTH__:0x10000
                [0x00000002]                __FUSE_REGION_LENGTH__ = DEFINED (__FUSE_REGION_LENGTH__)?__FUSE_REGION_LENGTH__:0x400
                0x00000400                __LOCK_REGION_LENGTH__ = DEFINED (__LOCK_REGION_LENGTH__)?__LOCK_REGION_LENGTH__:0x400
                0x00000400                __SIGNATURE_REGION_LENGTH__ = DEFINED (__SIGNATURE_REGION_LENGTH__)?__SIGNATURE_REGION_LENGTH__:0x400
                0x00000400                __USER_SIGNATURE_REGION_LENGTH__ = DEFINED (__USER_SIGNATURE_REGION_LENGTH__)?__USER_SIGNATURE_REGION_LENGTH__:0x400

.hash
 *(.hash)

.dynsym
 *(.dynsym)

.dynstr
 *(.dynstr)

.gnu.version
 *(.gnu.version)

.gnu.version_d
 *(.gnu.version_d)

.gnu.version_r
 *(.gnu.version_r)

.rel.init
 *(.rel.init)

.rela.init
 *(.rela.init)

.rel.text
 *(.rel.text)
 *(.rel.text.*)
 *(.rel.gnu.linkonce.t*)

.rela.text
 *(.rela.text)
 *(.rela.text.*)
 *(.rela.gnu.linkonce.t*)

.rel.fini
 *(.rel.fini)

.rela.fini
 *(.rela.fini)

.rel.rodata
 *(.rel.rodata)
 *(.rel.rodata.*)
 *(.rel.gnu.linkonce.r*)

.rela.rodata
 *(.rela.rodata)
 *(.rela.rodata.*)
 *(.rela.gnu.linkonce.r*)

.rel.data
 *(.rel.data)
 *(.rel.data.*)
 *(.rel.gnu.linkonce.d*)

.rela.data
 *(.rela.data)
 *(.rela.data.*)
 *(.rela.gnu.linkonce.d*)

.rel.ctors
 *(.rel.ctors)

.rela.ctors
 *(.rela.ctors)

.rel.dtors
 *(.rel.dtors)

.rela.dtors
 *(.rela.dtors)

.rel.got
 *(.rel.got)

.rela.got
 *(.rela.got)

.rel.bss
 *(.rel.bss)

.rela.bss
 *(.rela.bss)

.rel.plt
 *(.rel.plt)

.rela.plt
 *(.rela.plt)

.text           0x00000000     0x3214
 *(.vectors)
 .vectors       0x00000000       0x54 C:/Program Files (x86)/Atmel/Studio/7.0/Packs/atmel/ATmega_DFP/1.7.374/gcc/dev/atmega32/avr5/crtatmega32.o
                0x00000000                __vector_default
                0x00000000                __vectors
 *(.vectors)
 *(.progmem.gcc*)
                0x00000054                . = ALIGN (0x2)
                0x00000054                __trampolines_start = .
 *(.trampolines)
 .trampolines   0x00000054        0x0 linker stubs
 *(.trampolines*)
                0x00000054                __trampolines_end = .
 *libprintf_flt.a:*(.progmem.data)
 *libc.a:*(.progmem.data)
 *(.progmem*)
                0x00000054                . = ALIGN (0x2)
 *(.jumptables)
 *(.jumptables*)
 *(.lowtext)
 *(.lowtext*)
                0x00000054                __ctors_start = .
 *(.ctors)
                0x00000054                __ctors_end = .
                0x00000054                __dtors_start = .
 *(.dtors)
                0x00000054                __dtors_end = .
 SORT(*)(.ctors)
 SORT(*)(.dtors)
 *(.init0)
 .init0         0x00000054        0x0 C:/Program Files (x86)/Atmel/Studio/7.0/Packs/atmel/ATmega_DFP/1.7.374/gcc/dev/atmega32/avr5/crtatmega32.o
                0x00000054                __init
 *(.init0)
 *(.init1)
 *(.init1)
 *(.init2)
 .init2         0x00000054        0xc C:/Program Files (x86)/Atmel/Studio/7.0/Packs/atmel/ATmega_DFP/1.7.374/gcc/dev/atmega32/avr5/crtatmega32.o
 *(.init2)
 *(.init3)
 *(.init3)
 *(.init4)
 .init4         0x00000060       0x16 c:/program files (x86)/atmel/studio/7.0/toolchain/avr8/avr8-gnu-toolchain/bin/../lib/gcc/avr/5.4.0/avr5\libgcc.a(_copy_data.o)
                0x00000060                __do_copy_data
 .init4         0x00000076       0x10 c:/program files (x86)/atmel/studio/7.0/toolchain/avr8/avr8-gnu-toolchain/bin/../lib/gcc/avr/5.4.0/avr5\libgcc.a(_clear_bss.o)
                0x00000076                __do_clear_bss
 *(.init4)
 *(.init5)
 *(.init5)
 *(.init6)
 *(.init6)
 *(.init7)
 *(.init7)
 *(.init8)
 *(.init8)
 *(.init9)
 .init9         0x00000086        0x8 C:/Program Files (x86)/Atmel/Studio/7.0/Packs/atmel/ATmega_DFP/1.7.374/gcc/dev/atmega32/avr5/crtatmega32.o
 *(.init9)
 *(.text)
 .text          0x0000008e        0x4 C:/Program Files (x86)/Atmel/Studio/7.0/Packs/atmel/ATmega_DFP/1.7.374/gcc/dev/atmega32/avr5/crtatmega32.o
                0x0000008e                __vector_12
                0x0000008e                __bad_interrupt
                0x0000008e                __vector_6
                0x0000008e                __vector_3
                0x0000008e                __vector_17
                0x0000008e                __vector_19
                0x0000008e                __vector_7
                0x0000008e                __vector_9
                0x0000008e                __vector_2
                0x0000008e                __vector_8
                0x0000008e                __vector_14
                0x0000008e                __vector_18
                0x0000008e                __vector_20
                0x00000092                . = ALIGN (0x2)
 *(.text.*)
 .text.ADC_Read
                0x00000092       0x18 ADC.o
                0x00000092                ADC_Read
 .text.__vector_16
                0x000000aa       0x8a ADC.o
                0x000000aa                __vector_16
 .text.Buzzer_ON
                0x00000134        0xc Buzzer.o
                0x00000134                Buzzer_ON
 .text.Buzzer_OFF
                0x00000140        0xc Buzzer.o
                0x00000140                Buzzer_OFF
 .text.Buzzer_Toggle
                0x0000014c        0xa Buzzer.o
                0x0000014c                Buzzer_Toggle
 .text.DC_Motor1_START
                0x00000156       0x36 DC_Motor.o
                0x00000156                DC_Motor1_START
 .text.DC_Motor1_STOP
                0x0000018c       0x16 DC_Motor.o
                0x0000018c                DC_Motor1_STOP
 .text.DIO_SetPin_Dir
                0x000001a2       0xe2 DIO.o
                0x000001a2                DIO_SetPin_Dir
 .text.DIO_SetPin_Value
                0x00000284       0xe2 DIO.o
                0x00000284                DIO_SetPin_Value
 .text.DIO_GetPin_Value
                0x00000366       0x5c DIO.o
                0x00000366                DIO_GetPin_Value
 .text.DIO_TogglePin_Value
                0x000003c2       0x68 DIO.o
                0x000003c2                DIO_TogglePin_Value
 .text.EEPROM_WriteByte
                0x0000042a       0x42 EEPROM.o
                0x0000042a                EEPROM_WriteByte
 .text.EEPROM_ReadByte
                0x0000046c       0x3c EEPROM.o
                0x0000046c                EEPROM_ReadByte
 .text.__vector_1
                0x000004a8      0x452 EXR_Interrupt.o
                0x000004a8                __vector_1
 .text.Alarm_Fn
                0x000008fa      0x66c Functions.o
                0x000008fa                Alarm_Fn
 .text.I2C_SendStartCond
                0x00000f66        0xc I2C.o
                0x00000f66                I2C_SendStartCond
 .text.I2C_SendRepStartCond
                0x00000f72        0xc I2C.o
                0x00000f72                I2C_SendRepStartCond
 .text.I2C_SendSlaveAdd_WriteOP
                0x00000f7e       0x22 I2C.o
                0x00000f7e                I2C_SendSlaveAdd_WriteOP
 .text.I2C_SendSlaveAdd_ReadOP
                0x00000fa0       0x16 I2C.o
                0x00000fa0                I2C_SendSlaveAdd_ReadOP
 .text.I2C_SendData
                0x00000fb6        0xe I2C.o
                0x00000fb6                I2C_SendData
 .text.I2C_ReadData
                0x00000fc4        0xe I2C.o
                0x00000fc4                I2C_ReadData
 .text.I2C_SendStopCond
                0x00000fd2        0xc I2C.o
                0x00000fd2                I2C_SendStopCond
 .text.Keypad_GetValue
                0x00000fde       0x6a Keypad.o
                0x00000fde                Keypad_GetValue
 .text.LCD_Write_CMD
                0x00001048       0x8e LCD.o
                0x00001048                LCD_Write_CMD
 .text.LCD_Write_Char
                0x000010d6       0x82 LCD.o
                0x000010d6                LCD_Write_Char
 .text.LCD_Write_String
                0x00001158       0x26 LCD.o
                0x00001158                LCD_Write_String
 .text.LCD_Write_Integer
                0x0000117e       0xe6 LCD.o
                0x0000117e                LCD_Write_Integer
 .text.LCD_Clear
                0x00001264        0x8 LCD.o
                0x00001264                LCD_Clear
 .text.LCD_Goto
                0x0000126c       0x3c LCD.o
                0x0000126c                LCD_Goto
 .text.LED0_Init
                0x000012a8       0x16 LED.o
                0x000012a8                LED0_Init
 .text.LED0_ON  0x000012be        0xc LED.o
                0x000012be                LED0_ON
 .text.LED0_OFF
                0x000012ca        0xc LED.o
                0x000012ca                LED0_OFF
 .text.LED0_Toggle
                0x000012d6        0xa LED.o
                0x000012d6                LED0_Toggle
 .text.LED1_Init
                0x000012e0       0x16 LED.o
                0x000012e0                LED1_Init
 .text.LED1_ON  0x000012f6        0xc LED.o
                0x000012f6                LED1_ON
 .text.LED1_OFF
                0x00001302        0xc LED.o
                0x00001302                LED1_OFF
 .text.LED1_Toggle
                0x0000130e        0xa LED.o
                0x0000130e                LED1_Toggle
 .text.LED2_Init
                0x00001318       0x16 LED.o
                0x00001318                LED2_Init
 .text.LED2_ON  0x0000132e        0xc LED.o
                0x0000132e                LED2_ON
 .text.LED2_OFF
                0x0000133a        0xc LED.o
                0x0000133a                LED2_OFF
 .text.LED2_Toggle
                0x00001346        0xa LED.o
                0x00001346                LED2_Toggle
 .text.LED3_ON  0x00001350        0xc LED.o
                0x00001350                LED3_ON
 .text.LED3_OFF
                0x0000135c        0xc LED.o
                0x0000135c                LED3_OFF
 .text.LED3_Toggle
                0x00001368        0xa LED.o
                0x00001368                LED3_Toggle
 .text.LED4_ON  0x00001372        0xc LED.o
                0x00001372                LED4_ON
 .text.LED4_OFF
                0x0000137e        0xc LED.o
                0x0000137e                LED4_OFF
 .text.LED4_Toggle
                0x0000138a        0xa LED.o
                0x0000138a                LED4_Toggle
 .text.main     0x00001394       0x52 main.o
                0x00001394                main
 .text.Servoo_Motor
                0x000013e6       0x1e servoo.o
                0x000013e6                Servoo_Motor
 .text.Timer0_Init
                0x00001404       0x1a Timer.o
                0x00001404                Timer0_Init
 .text.Timer0_SetDelay
                0x0000141e       0x96 Timer.o
                0x0000141e                Timer0_SetDelay
 .text.PWM0_Gen
                0x000014b4        0x2 Timer.o
                0x000014b4                PWM0_Gen
 .text.Timer0_Start
                0x000014b6        0xa Timer.o
                0x000014b6                Timer0_Start
 .text.__vector_11
                0x000014c0       0xde Timer.o
                0x000014c0                __vector_11
 .text.__vector_10
                0x0000159e       0xce Timer.o
                0x0000159e                __vector_10
 .text.Timer2_SetDelay
                0x0000166c       0x96 Timer.o
                0x0000166c                Timer2_SetDelay
 .text.Timer2_Start
                0x00001702        0x8 Timer.o
                0x00001702                Timer2_Start
 .text.Timer2_Stop
                0x0000170a        0x8 Timer.o
                0x0000170a                Timer2_Stop
 .text.__vector_5
                0x00001712       0x14 Timer.o
                0x00001712                __vector_5
 .text.__vector_4
                0x00001726       0xce Timer.o
                0x00001726                __vector_4
 .text.UART_TX_Char
                0x000017f4        0x8 UART.o
                0x000017f4                UART_TX_Char
 .text.UART_TX_Str
                0x000017fc       0x26 UART.o
                0x000017fc                UART_TX_Str
 .text.UART_RX_Char
                0x00001822        0x8 UART.o
                0x00001822                UART_RX_Char
 .text.__vector_13
                0x0000182a     0x1580 UART.o
                0x0000182a                __vector_13
 .text.__vector_15
                0x00002daa       0x14 UART.o
                0x00002daa                __vector_15
 .text.avr-libc.fplib
                0x00002dbe        0xe c:/program files (x86)/atmel/studio/7.0/toolchain/avr8/avr8-gnu-toolchain/bin/../lib/gcc/avr/5.4.0/../../../../avr/lib/avr5\libm.a(addsf3.o)
                0x00002dbe                __subsf3
                0x00002dc0                __addsf3
 .text.avr-libc.fplib
                0x00002dcc       0xcc c:/program files (x86)/atmel/studio/7.0/toolchain/avr8/avr8-gnu-toolchain/bin/../lib/gcc/avr/5.4.0/../../../../avr/lib/avr5\libm.a(addsf3x.o)
                0x00002dee                __addsf3x
 .text.avr-libc.fplib
                0x00002e98        0xa c:/program files (x86)/atmel/studio/7.0/toolchain/avr8/avr8-gnu-toolchain/bin/../lib/gcc/avr/5.4.0/../../../../avr/lib/avr5\libm.a(cmpsf2.o)
                0x00002e98                __nesf2
                0x00002e98                __eqsf2
                0x00002e98                __cmpsf2
                0x00002e98                __ltsf2
                0x00002e98                __lesf2
 .text.avr-libc.fplib
                0x00002ea2       0x5e c:/program files (x86)/atmel/studio/7.0/toolchain/avr8/avr8-gnu-toolchain/bin/../lib/gcc/avr/5.4.0/../../../../avr/lib/avr5\libm.a(fixunssfsi.o)
                0x00002ea2                __fixunssfsi
 .text.avr-libc.fplib
                0x00002f00       0x7a c:/program files (x86)/atmel/studio/7.0/toolchain/avr8/avr8-gnu-toolchain/bin/../lib/gcc/avr/5.4.0/../../../../avr/lib/avr5\libm.a(floatsisf.o)
                0x00002f00                __floatunsisf
                0x00002f04                __floatsisf
 .text.avr-libc.fplib
                0x00002f7a       0x48 c:/program files (x86)/atmel/studio/7.0/toolchain/avr8/avr8-gnu-toolchain/bin/../lib/gcc/avr/5.4.0/../../../../avr/lib/avr5\libm.a(fp_cmp.o)
                0x00002f7a                __fp_cmp
 .text.avr-libc.fplib
                0x00002fc2        0xc c:/program files (x86)/atmel/studio/7.0/toolchain/avr8/avr8-gnu-toolchain/bin/../lib/gcc/avr/5.4.0/../../../../avr/lib/avr5\libm.a(fp_inf.o)
                0x00002fc2                __fp_inf
 .text.avr-libc.fplib
                0x00002fce        0x6 c:/program files (x86)/atmel/studio/7.0/toolchain/avr8/avr8-gnu-toolchain/bin/../lib/gcc/avr/5.4.0/../../../../avr/lib/avr5\libm.a(fp_nan.o)
                0x00002fce                __fp_nan
 .text.avr-libc.fplib
                0x00002fd4        0xe c:/program files (x86)/atmel/studio/7.0/toolchain/avr8/avr8-gnu-toolchain/bin/../lib/gcc/avr/5.4.0/../../../../avr/lib/avr5\libm.a(fp_pscA.o)
                0x00002fd4                __fp_pscA
 .text.avr-libc.fplib
                0x00002fe2        0xe c:/program files (x86)/atmel/studio/7.0/toolchain/avr8/avr8-gnu-toolchain/bin/../lib/gcc/avr/5.4.0/../../../../avr/lib/avr5\libm.a(fp_pscB.o)
                0x00002fe2                __fp_pscB
 .text.avr-libc.fplib
                0x00002ff0       0x22 c:/program files (x86)/atmel/studio/7.0/toolchain/avr8/avr8-gnu-toolchain/bin/../lib/gcc/avr/5.4.0/../../../../avr/lib/avr5\libm.a(fp_round.o)
                0x00002ff0                __fp_round
 .text.avr-libc.fplib
                0x00003012       0x44 c:/program files (x86)/atmel/studio/7.0/toolchain/avr8/avr8-gnu-toolchain/bin/../lib/gcc/avr/5.4.0/../../../../avr/lib/avr5\libm.a(fp_split3.o)
                0x00003012                __fp_split3
                0x00003022                __fp_splitA
 .text.avr-libc.fplib
                0x00003056        0xe c:/program files (x86)/atmel/studio/7.0/toolchain/avr8/avr8-gnu-toolchain/bin/../lib/gcc/avr/5.4.0/../../../../avr/lib/avr5\libm.a(fp_zero.o)
                0x00003056                __fp_zero
                0x00003058                __fp_szero
 .text.avr-libc.fplib
                0x00003064        0xa c:/program files (x86)/atmel/studio/7.0/toolchain/avr8/avr8-gnu-toolchain/bin/../lib/gcc/avr/5.4.0/../../../../avr/lib/avr5\libm.a(gesf2.o)
                0x00003064                __gesf2
                0x00003064                __gtsf2
 .text.avr-libc.fplib
                0x0000306e        0x8 c:/program files (x86)/atmel/studio/7.0/toolchain/avr8/avr8-gnu-toolchain/bin/../lib/gcc/avr/5.4.0/../../../../avr/lib/avr5\libm.a(mulsf3.o)
                0x0000306e                __mulsf3
 .text.avr-libc.fplib
                0x00003076       0xd2 c:/program files (x86)/atmel/studio/7.0/toolchain/avr8/avr8-gnu-toolchain/bin/../lib/gcc/avr/5.4.0/../../../../avr/lib/avr5\libm.a(mulsf3x.o)
                0x00003094                __mulsf3x
                0x0000309a                __mulsf3_pse
 .text.libgcc.div
                0x00003148       0x28 c:/program files (x86)/atmel/studio/7.0/toolchain/avr8/avr8-gnu-toolchain/bin/../lib/gcc/avr/5.4.0/avr5\libgcc.a(_divmodhi4.o)
                0x00003148                _div
                0x00003148                __divmodhi4
 .text.libgcc.div
                0x00003170       0x44 c:/program files (x86)/atmel/studio/7.0/toolchain/avr8/avr8-gnu-toolchain/bin/../lib/gcc/avr/5.4.0/avr5\libgcc.a(_udivmodsi4.o)
                0x00003170                __udivmodsi4
 .text.libgcc.mul
                0x000031b4       0x16 c:/program files (x86)/atmel/studio/7.0/toolchain/avr8/avr8-gnu-toolchain/bin/../lib/gcc/avr/5.4.0/avr5\libgcc.a(_muluhisi3.o)
                0x000031b4                __muluhisi3
 .text.libgcc.div
                0x000031ca       0x28 c:/program files (x86)/atmel/studio/7.0/toolchain/avr8/avr8-gnu-toolchain/bin/../lib/gcc/avr/5.4.0/avr5\libgcc.a(_udivmodhi4.o)
                0x000031ca                __udivmodhi4
 .text.libgcc.mul
                0x000031f2       0x1e c:/program files (x86)/atmel/studio/7.0/toolchain/avr8/avr8-gnu-toolchain/bin/../lib/gcc/avr/5.4.0/avr5\libgcc.a(_umulhisi3.o)
                0x000031f2                __umulhisi3
                0x00003210                . = ALIGN (0x2)
 *(.fini9)
 .fini9         0x00003210        0x0 c:/program files (x86)/atmel/studio/7.0/toolchain/avr8/avr8-gnu-toolchain/bin/../lib/gcc/avr/5.4.0/avr5\libgcc.a(_exit.o)
                0x00003210                _exit
                0x00003210                exit
 *(.fini9)
 *(.fini8)
 *(.fini8)
 *(.fini7)
 *(.fini7)
 *(.fini6)
 *(.fini6)
 *(.fini5)
 *(.fini5)
 *(.fini4)
 *(.fini4)
 *(.fini3)
 *(.fini3)
 *(.fini2)
 *(.fini2)
 *(.fini1)
 *(.fini1)
 *(.fini0)
 .fini0         0x00003210        0x4 c:/program files (x86)/atmel/studio/7.0/toolchain/avr8/avr8-gnu-toolchain/bin/../lib/gcc/avr/5.4.0/avr5\libgcc.a(_exit.o)
 *(.fini0)
                0x00003214                _etext = .

.data           0x00800060      0x66e load address 0x00003214
                0x00800060                PROVIDE (__data_start, .)
 *(.data)
 *(.data*)
 .data.arr      0x00800060       0x10 Keypad.o
                0x00800060                arr
 .data.AD_Counter
                0x00800070        0x1 UART.o
                0x00800070                AD_Counter
 *(.gnu.linkonce.d*)
 *(.rodata)
 *(.rodata*)
 .rodata.str1.1
                0x00800071      0x135 EXR_Interrupt.o
                                0x138 (size before relaxing)
 .rodata.str1.1
                0x008001a6      0x527 UART.o
                                0x546 (size before relaxing)
 *(.gnu.linkonce.r*)
                0x008006ce                . = ALIGN (0x2)
 *fill*         0x008006cd        0x1 
                0x008006ce                _edata = .
                0x008006ce                PROVIDE (__data_end, .)

.bss            0x008006ce       0x28
                0x008006ce                PROVIDE (__bss_start, .)
 *(.bss)
 *(.bss*)
 .bss.Temp      0x008006ce        0x2 ADC.o
                0x008006ce                Temp
 .bss.button    0x008006d0        0x1 EXR_Interrupt.o
                0x008006d0                button
 .bss.eme_check
                0x008006d1        0x2 EXR_Interrupt.o
                0x008006d1                eme_check
 .bss.Count.1767
                0x008006d3        0x4 Timer.o
 .bss.Count.1718
                0x008006d7        0x4 Timer.o
 .bss.Count.1712
                0x008006db        0x4 Timer.o
 .bss.z         0x008006df        0x1 Timer.o
                0x008006df                z
 .bss.y         0x008006e0        0x1 Timer.o
                0x008006e0                y
 .bss.x         0x008006e1        0x1 Timer.o
                0x008006e1                x
 .bss.i         0x008006e2        0x1 Timer.o
                0x008006e2                i
 .bss.Timer2_Init_Value
                0x008006e3        0x1 Timer.o
                0x008006e3                Timer2_Init_Value
 .bss.Timer2_Num_OVF
                0x008006e4        0x2 Timer.o
                0x008006e4                Timer2_Num_OVF
 .bss.Timer0_Init_Value
                0x008006e6        0x1 Timer.o
                0x008006e6                Timer0_Init_Value
 .bss.Timer0_Num_OVF
                0x008006e7        0x2 Timer.o
                0x008006e7                Timer0_Num_OVF
 .bss.Dimmer_Value
                0x008006e9        0x4 UART.o
                0x008006e9                Dimmer_Value
 .bss.Dimmer_Array
                0x008006ed        0x3 UART.o
                0x008006ed                Dimmer_Array
 .bss.PC_Counter
                0x008006f0        0x1 UART.o
                0x008006f0                PC_Counter
 .bss.KP_Counter
                0x008006f1        0x1 UART.o
                0x008006f1                KP_Counter
 .bss.CMD_Check
                0x008006f2        0x1 UART.o
                0x008006f2                CMD_Check
 .bss.A_U_Check
                0x008006f3        0x1 UART.o
                0x008006f3                A_U_Check
 .bss.SYS_Check
                0x008006f4        0x1 UART.o
                0x008006f4                SYS_Check
 .bss.UART_GetValue
                0x008006f5        0x1 UART.o
                0x008006f5                UART_GetValue
 *(COMMON)
                0x008006f6                PROVIDE (__bss_end, .)
                0x00003214                __data_load_start = LOADADDR (.data)
                0x00003882                __data_load_end = (__data_load_start + SIZEOF (.data))

.noinit         0x008006f6        0x0
                [!provide]                PROVIDE (__noinit_start, .)
 *(.noinit*)
                [!provide]                PROVIDE (__noinit_end, .)
                0x008006f6                _end = .
                [!provide]                PROVIDE (__heap_start, .)

.eeprom         0x00810000        0x0
 *(.eeprom*)
                0x00810000                __eeprom_end = .

.fuse
 *(.fuse)
 *(.lfuse)
 *(.hfuse)
 *(.efuse)

.lock
 *(.lock*)

.signature
 *(.signature*)

.user_signatures
 *(.user_signatures*)

.stab
 *(.stab)

.stabstr
 *(.stabstr)

.stab.excl
 *(.stab.excl)

.stab.exclstr
 *(.stab.exclstr)

.stab.index
 *(.stab.index)

.stab.indexstr
 *(.stab.indexstr)

.comment        0x00000000       0x30
 *(.comment)
 .comment       0x00000000       0x30 ADC.o
                                 0x31 (size before relaxing)
 .comment       0x00000030       0x31 Buzzer.o
 .comment       0x00000030       0x31 DC_Motor.o
 .comment       0x00000030       0x31 DIO.o
 .comment       0x00000030       0x31 EEPROM.o
 .comment       0x00000030       0x31 EXR_Interrupt.o
 .comment       0x00000030       0x31 Functions.o
 .comment       0x00000030       0x31 I2C.o
 .comment       0x00000030       0x31 Keypad.o
 .comment       0x00000030       0x31 LCD.o
 .comment       0x00000030       0x31 LED.o
 .comment       0x00000030       0x31 main.o
 .comment       0x00000030       0x31 servoo.o
 .comment       0x00000030       0x31 Timer.o
 .comment       0x00000030       0x31 UART.o

.note.gnu.avr.deviceinfo
                0x00000000       0x3c
 .note.gnu.avr.deviceinfo
                0x00000000       0x3c C:/Program Files (x86)/Atmel/Studio/7.0/Packs/atmel/ATmega_DFP/1.7.374/gcc/dev/atmega32/avr5/crtatmega32.o

.note.gnu.build-id
 *(.note.gnu.build-id)

.debug
 *(.debug)

.line
 *(.line)

.debug_srcinfo
 *(.debug_srcinfo)

.debug_sfnames
 *(.debug_sfnames)

.debug_aranges  0x00000000      0x498
 *(.debug_aranges)
 .debug_aranges
                0x00000000       0x38 ADC.o
 .debug_aranges
                0x00000038       0x38 Buzzer.o
 .debug_aranges
                0x00000070       0x48 DC_Motor.o
 .debug_aranges
                0x000000b8       0x40 DIO.o
 .debug_aranges
                0x000000f8       0x48 EEPROM.o
 .debug_aranges
                0x00000140       0x38 EXR_Interrupt.o
 .debug_aranges
                0x00000178       0x20 Functions.o
 .debug_aranges
                0x00000198       0x80 I2C.o
 .debug_aranges
                0x00000218       0x28 Keypad.o
 .debug_aranges
                0x00000240       0x60 LCD.o
 .debug_aranges
                0x000002a0       0xb8 LED.o
 .debug_aranges
                0x00000358       0x20 main.o
 .debug_aranges
                0x00000378       0x28 servoo.o
 .debug_aranges
                0x000003a0       0xb0 Timer.o
 .debug_aranges
                0x00000450       0x48 UART.o

.debug_pubnames
 *(.debug_pubnames)

.debug_info     0x00000000     0x7a2d
 *(.debug_info .gnu.linkonce.wi.*)
 .debug_info    0x00000000      0x4e6 C:/Program Files (x86)/Atmel/Studio/7.0/Packs/atmel/ATmega_DFP/1.7.374/gcc/dev/atmega32/avr5/crtatmega32.o
 .debug_info    0x000004e6      0x1ad ADC.o
 .debug_info    0x00000693      0x171 Buzzer.o
 .debug_info    0x00000804      0x3fc DC_Motor.o
 .debug_info    0x00000c00      0x19a DIO.o
 .debug_info    0x00000d9a      0x5cd EEPROM.o
 .debug_info    0x00001367      0x9ab EXR_Interrupt.o
 .debug_info    0x00001d12     0x1429 Functions.o
 .debug_info    0x0000313b      0x494 I2C.o
 .debug_info    0x000035cf      0x330 Keypad.o
 .debug_info    0x000038ff      0x8b9 LCD.o
 .debug_info    0x000041b8      0x511 LED.o
 .debug_info    0x000046c9      0x1a5 main.o
 .debug_info    0x0000486e      0x104 servoo.o
 .debug_info    0x00004972      0x4a3 Timer.o
 .debug_info    0x00004e15     0x2c18 UART.o

.debug_abbrev   0x00000000     0x1502
 *(.debug_abbrev)
 .debug_abbrev  0x00000000      0x4a3 C:/Program Files (x86)/Atmel/Studio/7.0/Packs/atmel/ATmega_DFP/1.7.374/gcc/dev/atmega32/avr5/crtatmega32.o
 .debug_abbrev  0x000004a3      0x104 ADC.o
 .debug_abbrev  0x000005a7       0x71 Buzzer.o
 .debug_abbrev  0x00000618       0xe6 DC_Motor.o
 .debug_abbrev  0x000006fe       0x9a DIO.o
 .debug_abbrev  0x00000798      0x15d EEPROM.o
 .debug_abbrev  0x000008f5      0x1a3 EXR_Interrupt.o
 .debug_abbrev  0x00000a98       0xd8 Functions.o
 .debug_abbrev  0x00000b70      0x185 I2C.o
 .debug_abbrev  0x00000cf5       0xe9 Keypad.o
 .debug_abbrev  0x00000dde      0x1ae LCD.o
 .debug_abbrev  0x00000f8c       0x71 LED.o
 .debug_abbrev  0x00000ffd       0x9f main.o
 .debug_abbrev  0x0000109c       0x91 servoo.o
 .debug_abbrev  0x0000112d      0x1c8 Timer.o
 .debug_abbrev  0x000012f5      0x20d UART.o

.debug_line     0x00000000     0x3787
 *(.debug_line .debug_line.* .debug_line_end)
 .debug_line    0x00000000      0x116 C:/Program Files (x86)/Atmel/Studio/7.0/Packs/atmel/ATmega_DFP/1.7.374/gcc/dev/atmega32/avr5/crtatmega32.o
 .debug_line    0x00000116      0x15d ADC.o
 .debug_line    0x00000273       0x90 Buzzer.o
 .debug_line    0x00000303      0x15c DC_Motor.o
 .debug_line    0x0000045f      0x1e6 DIO.o
 .debug_line    0x00000645      0x2d8 EEPROM.o
 .debug_line    0x0000091d      0x501 EXR_Interrupt.o
 .debug_line    0x00000e1e      0x6fc Functions.o
 .debug_line    0x0000151a      0x30e I2C.o
 .debug_line    0x00001828      0x121 Keypad.o
 .debug_line    0x00001949      0x42e LCD.o
 .debug_line    0x00001d77      0x210 LED.o
 .debug_line    0x00001f87       0xb0 main.o
 .debug_line    0x00002037       0xe0 servoo.o
 .debug_line    0x00002117      0x459 Timer.o
 .debug_line    0x00002570     0x1217 UART.o

.debug_frame    0x00000000      0xb94
 *(.debug_frame)
 .debug_frame   0x00000000       0x9c ADC.o
 .debug_frame   0x0000009c       0x54 Buzzer.o
 .debug_frame   0x000000f0       0x88 DC_Motor.o
 .debug_frame   0x00000178       0x64 DIO.o
 .debug_frame   0x000001dc       0xe0 EEPROM.o
 .debug_frame   0x000002bc       0xf8 EXR_Interrupt.o
 .debug_frame   0x000003b4       0x24 Functions.o
 .debug_frame   0x000003d8      0x108 I2C.o
 .debug_frame   0x000004e0       0x44 Keypad.o
 .debug_frame   0x00000524      0x154 LCD.o
 .debug_frame   0x00000678      0x154 LED.o
 .debug_frame   0x000007cc       0x24 main.o
 .debug_frame   0x000007f0       0x34 servoo.o
 .debug_frame   0x00000824      0x244 Timer.o
 .debug_frame   0x00000a68      0x12c UART.o

.debug_str      0x00000000      0xf99
 *(.debug_str)
 .debug_str     0x00000000      0x196 C:/Program Files (x86)/Atmel/Studio/7.0/Packs/atmel/ATmega_DFP/1.7.374/gcc/dev/atmega32/avr5/crtatmega32.o
 .debug_str     0x00000196      0x20b ADC.o
                                0x250 (size before relaxing)
 .debug_str     0x000003a1       0xe3 Buzzer.o
                                0x1ed (size before relaxing)
 .debug_str     0x00000484       0x7b DC_Motor.o
                                0x264 (size before relaxing)
 .debug_str     0x000004ff       0xa8 DIO.o
                                0x1ec (size before relaxing)
 .debug_str     0x000005a7      0x257 EEPROM.o
                                0x39e (size before relaxing)
 .debug_str     0x000007fe       0xff EXR_Interrupt.o
                                0x338 (size before relaxing)
 .debug_str     0x000008fd       0x7f Functions.o
                                0x2d3 (size before relaxing)
 .debug_str     0x0000097c       0xa1 I2C.o
                                0x3ae (size before relaxing)
 .debug_str     0x00000a1d       0x1a Keypad.o
                                0x203 (size before relaxing)
 .debug_str     0x00000a37      0x124 LCD.o
                                0x30b (size before relaxing)
 .debug_str     0x00000b5b       0x60 LED.o
                                0x27e (size before relaxing)
 .debug_str     0x00000bbb       0x84 main.o
                                0x208 (size before relaxing)
 .debug_str     0x00000c3f       0xc9 servoo.o
                                0x221 (size before relaxing)
 .debug_str     0x00000d08      0x1ac Timer.o
                                0x3ab (size before relaxing)
 .debug_str     0x00000eb4       0xe5 UART.o
                                0x415 (size before relaxing)

.debug_loc      0x00000000     0x37c1
 *(.debug_loc)
 .debug_loc     0x00000000      0x110 ADC.o
 .debug_loc     0x00000110      0x155 DC_Motor.o
 .debug_loc     0x00000265      0x2fd DIO.o
 .debug_loc     0x00000562      0x590 EEPROM.o
 .debug_loc     0x00000af2      0x42c EXR_Interrupt.o
 .debug_loc     0x00000f1e     0x1170 Functions.o
 .debug_loc     0x0000208e      0x212 I2C.o
 .debug_loc     0x000022a0       0xa4 Keypad.o
 .debug_loc     0x00002344      0x72e LCD.o
 .debug_loc     0x00002a72      0x591 Timer.o
 .debug_loc     0x00003003      0x7be UART.o

.debug_macinfo
 *(.debug_macinfo)

.debug_weaknames
 *(.debug_weaknames)

.debug_funcnames
 *(.debug_funcnames)

.debug_typenames
 *(.debug_typenames)

.debug_varnames
 *(.debug_varnames)

.debug_pubtypes
 *(.debug_pubtypes)

.debug_ranges   0x00000000      0x3d8
 *(.debug_ranges)
 .debug_ranges  0x00000000       0x28 ADC.o
 .debug_ranges  0x00000028       0x28 Buzzer.o
 .debug_ranges  0x00000050       0x38 DC_Motor.o
 .debug_ranges  0x00000088       0x30 DIO.o
 .debug_ranges  0x000000b8       0x38 EEPROM.o
 .debug_ranges  0x000000f0       0x40 EXR_Interrupt.o
 .debug_ranges  0x00000130       0x10 Functions.o
 .debug_ranges  0x00000140       0x70 I2C.o
 .debug_ranges  0x000001b0       0x30 Keypad.o
 .debug_ranges  0x000001e0       0x50 LCD.o
 .debug_ranges  0x00000230       0xa8 LED.o
 .debug_ranges  0x000002d8       0x10 main.o
 .debug_ranges  0x000002e8       0x18 servoo.o
 .debug_ranges  0x00000300       0xa0 Timer.o
 .debug_ranges  0x000003a0       0x38 UART.o

.debug_macro
 *(.debug_macro)
OUTPUT(Graduation_Project.elf elf32-avr)
LOAD linker stubs
